// Jest Snapshot v1, https://goo.gl/fbAQLP

exports[`Componente <Button /> Deve renderizar o button sem problemas 1`] = `
<div>
  <button
    class="sc-bczRLJ gtaYVB"
  >
    Bot√£o
  </button>
</div>
`;
